---
source: minigu/parser/src/parser/impls/common.rs
expression: parsed
---
- Fixed:
    - kind: Decimal
      integer: "123"
    - start: 1
      end: 4
- start: 0
  end: 5
