---
source: minigu/parser/src/parser/impls/lexical.rs
expression: parsed
---
- abcd
- start: 0
  end: 6
