---
source: minigu/parser/src/parser/impls/object_ref.rs
expression: parsed
---
- - Parent
  - start: 0
    end: 2
