---
source: minigu/gql/parser/src/parser/impls/type_element.rs
assertion_line: 1031
expression: parsed
---
- Vector:
    dimension:
      - kind: Decimal
        integer: "256"
      - start: 7
        end: 10
    not_null: true
- start: 0
  end: 20
