---
source: minigu/parser/src/parser/impls/type_element.rs
expression: parsed
---
- Varchar:
    max_length: ~
    not_null: false
- start: 0
  end: 7
