---
source: minigu/parser/src/parser/impls/common.rs
expression: parsed
---
- Edge:
    kind: LeftRight
    filler:
      variable: ~
      label: ~
      predicate: ~
- start: 0
  end: 3
