---
source: minigu/parser/src/parser/impls/value_expr.rs
expression: parsed
---
- Parameter: abc
- start: 0
  end: 4
