---
source: minigu/parser/src/parser/impls/type_element.rs
expression: parsed
---
- String:
    min_length:
      - kind: Decimal
        integer: "1"
      - start: 8
        end: 9
    max_length:
      - kind: Decimal
        integer: "10"
      - start: 11
        end: 13
    not_null: true
- start: 0
  end: 23
