---
source: minigu/parser/src/parser/impls/value_expr.rs
expression: parsed
---
- Array
- start: 0
  end: 5
