---
source: minigu/parser/src/parser/impls/lexical.rs
expression: parsed
---
- "True"
- start: 0
  end: 4
