---
source: minigu/parser/src/parser/impls/object_ref.rs
expression: parsed
---
- Current
- start: 0
  end: 14
