---
source: minigu/parser/src/parser/impls/lexical.rs
expression: parsed
---
- "False"
- start: 0
  end: 5
