---
source: minigu/parser/src/parser/impls/type_element.rs
expression: parsed
---
- SignedNumeric:
    kind:
      - Int16
      - start: 0
        end: 5
    not_null: true
- start: 0
  end: 14
