---
source: minigu/parser/src/parser/impls/object_ref.rs
expression: parsed
---
schema:
  - Absolute:
      - - Name: a
        - start: 1
          end: 2
      - - Name: b
        - start: 3
          end: 4
  - start: 0
    end: 4
objects: []
