---
source: minigu/parser/src/parser/impls/object_ref.rs
expression: parsed
---
schema:
  - Absolute:
      - - Name: a
        - start: 1
          end: 2
  - start: 0
    end: 2
objects:
  - - b
    - start: 3
      end: 4
  - - c
    - start: 5
      end: 6
