---
source: minigu/parser/src/parser/impls/value_expr.rs
expression: parsed
---
- All
- start: 0
  end: 3
