---
source: minigu/parser/src/parser/impls/lexical.rs
expression: parsed
---
- kind: Decimal
  integer: "123"
- start: 0
  end: 3
