---
source: minigu-test/tests/e2e_test.rs
assertion_line: 47
---
407
